// Jest Snapshot v1, https://goo.gl/fbAQLP

exports[`renders without crashing 1`] = `
<div
  className="App"
>
  <nav
    className="navbar navbar-light bg-light"
  >
    <a
      className="navbar-brand"
      href="/"
    >
      <img
        alt=""
        src="goldfish.svg"
        style={
          Object {
            "height": 30,
          }
        }
      />
      Goldfish
    </a>
  </nav>
  <div>
    <h2>
      Today's Tasks:
    </h2>
    <table
      className="table"
    >
      <thead>
        <tr>
          <th />
          <th>
            Task
          </th>
          <th>
            Due
          </th>
        </tr>
      </thead>
      <tbody />
    </table>
    <button
      onClick={[Function]}
    >
      Hello
    </button>
  </div>
</div>
`;
